// Jest Snapshot v1, https://goo.gl/fbAQLP

exports[`<Modal /> dumb component rendering should match the snapshot 1`] = `
"<Portal onClose={[Function: mockConstructor]} verticallyAlignContent=\\"center\\">
  <div className=\\"modal__content-wrapper\\">
    <div className=\\"modal__content\\">
      Test
      <div className=\\"modal__action-area\\">
        <button type=\\"button\\" onClick={[Function: mockConstructor]} className=\\"modal__ack-button\\">
          OK
        </button>
      </div>
    </div>
  </div>
</Portal>"
`;
