// Jest Snapshot v1, https://goo.gl/fbAQLP

exports[`<ShareModal /> should match the expected structure 1`] = `"<div><div class=\\"share-modal\\"><h2 class=\\"share-modal__headline\\">Invite</h2><a href=\\"http://localhost/\\" class=\\"share-modal__qr\\"><img src=\\"https://chart.googleapis.com/chart?cht=qr&amp;chs=250x250&amp;chld=L|0&amp;chl=http://localhost/\\"/></a><button type=\\"button\\" class=\\"share-modal__invite-button\\">Copy invite URL</button><span class=\\"share-modal__copy-text share-modal__copy-text--hidden\\">URL copied to clipboard</span></div></div>"`;
