// Jest Snapshot v1, https://goo.gl/fbAQLP

exports[`SelectOption should render correctly 1`] = `
<div>
  <div
    class="select-option select-option--0 select-option--active"
  >
    <div
      class="select-option__icon-container"
    >
      <svg>
        open.svg
      </svg>
    </div>
    <div
      class="select-option__label"
    >
      test
    </div>
    <div
      class="select-option__description"
    >
      another test
    </div>
    <input
      checked=""
      class="select-option__radio"
      type="radio"
    />
  </div>
</div>
`;
