// Jest Snapshot v1, https://goo.gl/fbAQLP

exports[`board reaction menu should render correctly 1`] = `
<div>
  <div
    class="board-reactions-menu"
    style="opacity: 0; transform: scale(0.3, 0.9) translateY(100%); pointer-events: none;"
  >
    <button
      aria-disabled="false"
      aria-label="React with tada [1]"
      class="board-reactions-menu__item board-reactions-menu__reaction"
      title="React with tada [1]"
    >
      <span>
        🎉
      </span>
    </button>
    <button
      aria-disabled="false"
      aria-label="React with applause [2]"
      class="board-reactions-menu__item board-reactions-menu__reaction"
      title="React with applause [2]"
    >
      <span>
        👏
      </span>
    </button>
    <button
      aria-disabled="false"
      aria-label="React with heart [3]"
      class="board-reactions-menu__item board-reactions-menu__reaction"
      title="React with heart [3]"
    >
      <span>
        💖
      </span>
    </button>
    <button
      aria-disabled="false"
      aria-label="React with like [4]"
      class="board-reactions-menu__item board-reactions-menu__reaction"
      title="React with like [4]"
    >
      <span>
        👍
      </span>
    </button>
    <button
      aria-disabled="false"
      aria-label="React with dislike [5]"
      class="board-reactions-menu__item board-reactions-menu__reaction"
      title="React with dislike [5]"
    >
      <span>
        👎
      </span>
    </button>
    <button
      aria-hidden="true"
      class="board-reactions-menu__item board-reactions-menu__close"
      tabindex="0"
    >
      <svg>
        icon-close.svg
      </svg>
    </button>
  </div>
</div>
`;
