// Vitest Snapshot v1, https://vitest.dev/guide/snapshot.html

exports[`board reaction menu > should render correctly 1`] = `
<div>
  <div
    class="board-reactions-menu"
    style="opacity: 0; transform: scale(0.3, 0.9) translateY(100%);"
  >
    <button
      aria-label="React with tada [1]"
      class="board-reactions-menu__item"
      title="React with tada [1]"
    >
      <span>
        🎉
      </span>
    </button>
    <button
      aria-label="React with applause [2]"
      class="board-reactions-menu__item"
      title="React with applause [2]"
    >
      <span>
        👏
      </span>
    </button>
    <button
      aria-label="React with heart [3]"
      class="board-reactions-menu__item"
      title="React with heart [3]"
    >
      <span>
        💖
      </span>
    </button>
    <button
      aria-label="React with like [4]"
      class="board-reactions-menu__item"
      title="React with like [4]"
    >
      <span>
        👍
      </span>
    </button>
    <button
      aria-label="React with dislike [5]"
      class="board-reactions-menu__item"
      title="React with dislike [5]"
    >
      <span>
        👎
      </span>
    </button>
    <button
      aria-hidden="true"
      class="board-reactions-menu__item board-reactions-menu__close"
      tabindex="0"
    >
      <svg
        class="icon"
        fill="none"
        height="32"
        viewBox="0 0 32 32"
        width="32"
        xmlns="http://www.w3.org/2000/svg"
      >
        <path
          d="M21.3137 10L10 21.3137"
          stroke="currentColor"
          stroke-width="1.75"
        />
        <path
          d="M10 10L21.3137 21.3137"
          stroke="currentColor"
          stroke-width="1.75"
        />
      </svg>
    </button>
  </div>
</div>
`;
