// Jest Snapshot v1, https://goo.gl/fbAQLP

exports[`ColumnConfiguratorColumnNameDetails should render correctly (closed) 1`] = `
<div>
  <div
    class="column-configurator-column-name-details column-configurator-column-name-details__name-wrapper"
  >
    <input
      autocomplete="off"
      class="column-configurator-column-name-details__name"
      placeholder="Name"
      value="Default Name"
    />
    <div
      class="column-configurator-column-name-details__inline-description"
      role="button"
      tabindex="0"
    >
      Default Description
    </div>
  </div>
</div>
`;

exports[`ColumnConfiguratorColumnNameDetails should render correctly (descriptionFirst) 1`] = `
<div>
  <div
    class="column-configurator-column-name-details column-configurator-column-name-details__name-wrapper"
  >
    <input
      autocomplete="off"
      class="column-configurator-column-name-details__name column-configurator-column-name-details__name--editing"
      placeholder="Name"
      value="Default Name"
    />
    <div
      class="column-configurator-column-name-details__description-wrapper"
    >
      <textarea
        class="column-configurator-column-name-details__description-text-area text-area text-area--embedded text-area--small"
        placeholder="Description (optional)"
      >
        Default Description
      </textarea>
      <div
        class="column-configurator-column-name-details__description-mini-menu mini-menu mini-menu--transparent"
      >
        <button
          aria-label="Cancel"
          class="mini-menu-item--cancel mini-menu__item mini-menu__item--small"
          data-tooltip-content="Cancel"
          data-tooltip-id="scrumlr-tooltip"
          id="mini-menu-Cancel1"
        >
          <svg>
            close.svg
          </svg>
        </button>
        <button
          aria-label="Save"
          class="mini-menu-item--save mini-menu__item mini-menu__item--small"
          data-tooltip-content="Save"
          data-tooltip-id="scrumlr-tooltip"
          id="mini-menu-Save2"
        >
          <svg>
            check-done.svg
          </svg>
        </button>
      </div>
    </div>
  </div>
</div>
`;

exports[`ColumnConfiguratorColumnNameDetails should render correctly (nameFirst) 1`] = `
<div>
  <div
    class="column-configurator-column-name-details column-configurator-column-name-details__name-wrapper"
  >
    <input
      autocomplete="off"
      class="column-configurator-column-name-details__name column-configurator-column-name-details__name--editing"
      placeholder="Name"
      value="Default Name"
    />
    <div
      class="column-configurator-column-name-details__description-wrapper"
    >
      <textarea
        class="column-configurator-column-name-details__description-text-area text-area text-area--embedded text-area--small"
        placeholder="Description (optional)"
      >
        Default Description
      </textarea>
      <div
        class="column-configurator-column-name-details__description-mini-menu mini-menu mini-menu--transparent"
      >
        <button
          aria-label="Cancel"
          class="mini-menu-item--cancel mini-menu__item mini-menu__item--small"
          data-tooltip-content="Cancel"
          data-tooltip-id="scrumlr-tooltip"
          id="mini-menu-Cancel1"
        >
          <svg>
            close.svg
          </svg>
        </button>
        <button
          aria-label="Save"
          class="mini-menu-item--save mini-menu__item mini-menu__item--small"
          data-tooltip-content="Save"
          data-tooltip-id="scrumlr-tooltip"
          id="mini-menu-Save2"
        >
          <svg>
            check-done.svg
          </svg>
        </button>
      </div>
    </div>
  </div>
</div>
`;

exports[`ColumnConfiguratorColumnNameDetails should render correctly (visualFeedback) 1`] = `
<div>
  <div
    class="column-configurator-column-name-details column-configurator-column-name-details__name-wrapper"
  >
    <input
      autocomplete="off"
      class="column-configurator-column-name-details__name"
      placeholder="Name"
      value="Default Name"
    />
    <div
      class="column-configurator-column-name-details__inline-description"
      role="button"
      tabindex="0"
    >
      Default Description
    </div>
  </div>
</div>
`;
