// Jest Snapshot v1, https://goo.gl/fbAQLP

exports[`Timer should render correctly 1`] = `
<div
  class="timer__container"
>
  <div
    class="timer"
    id="timer"
  >
    <div
      class="timer__progress-bar"
      style="right: calc(72px - 0.6666666666666667 * 72px);"
    />
    <span>
      02
      :
      00
    </span>
    <ul
      class="timer__short-actions"
    >
      <li
        class="short-actions__short-action"
      >
        <button
          aria-label="End timer"
          class="short-action__button"
          data-tooltip-content="End timer"
          data-tooltip-id="info-bar__tooltip"
        >
          <svg>
            icon-flag.svg
          </svg>
        </button>
      </li>
      <li
        class="short-actions__short-action"
      >
        <button
          aria-label="Unmark me as done"
          class="short-action__button short-action__button--ready"
          data-tooltip-content="Unmark me as done"
          data-tooltip-id="info-bar__tooltip"
        >
          <svg
            class="short-action__check-icon"
          >
            icon-check.svg
          </svg>
          <svg
            class="short-action__cancel-icon"
          >
            icon-cancel.svg
          </svg>
        </button>
      </li>
    </ul>
    <svg>
      icon-timer.svg
    </svg>
  </div>
  <button
    aria-label="Increase timer by one minute"
    class="timer__increment-button"
    data-tooltip-content="Increase timer by one minute"
    data-tooltip-id="info-bar__tooltip"
    id="timer__increment-button"
  >
    <svg>
      icon-plus-one.svg
    </svg>
  </button>
</div>
`;
