// Jest Snapshot v1, https://goo.gl/fbAQLP

exports[`Timer should render correctly 1`] = `
<div
  class="timer"
  id="timer"
>
  <div
    class="vote-display__progress-bar"
    style="right: calc(72px - NaN * 72px);"
  />
  <span>
    02
    :
    59
  </span>
  <div
    class="timer__short-actions"
  >
    <div
      class="short-actions__short-action"
    >
      <button
        aria-label="Finish"
        class="short-action__button"
      >
        <svg>
          icon-cancel.svg
        </svg>
      </button>
      <span
        class="short-action__tooltip"
      >
        Finish
      </span>
    </div>
  </div>
  <svg>
    icon-timer.svg
  </svg>
</div>
`;
