// Jest Snapshot v1, https://goo.gl/fbAQLP

exports[`TimerDialog should match the snapshot 1`] = `
<div
  class="portal portal--darkBackground"
  role="dialog"
>
  <div
    data-focus-guard="true"
    style="width: 1px; height: 0px; padding: 0px; overflow: hidden; position: fixed; top: 1px; left: 1px;"
    tabindex="0"
  />
  <div
    data-focus-guard="true"
    style="width: 1px; height: 0px; padding: 0px; overflow: hidden; position: fixed; top: 1px; left: 1px;"
    tabindex="1"
  />
  <div
    data-focus-lock-disabled="false"
  >
    <div
      class="portal__frame"
    >
      <div
        class="portal__content"
        role="dialog"
      >
        <aside
          class="dialog"
        >
          <article
            class="dialog__content"
          >
            <h2
              class="dialog__header-text"
            >
              TimerToggleButton.label
            </h2>
            <button
              class="dialog__button"
            >
              <label>
                TimerToggleButton.1min
              </label>
              <svg
                class="timer-dialog__button-icon"
              >
                icon-one.svg
              </svg>
            </button>
            <button
              class="dialog__button"
            >
              <label>
                TimerToggleButton.3min
              </label>
              <svg
                class="timer-dialog__button-icon"
              >
                icon-three.svg
              </svg>
            </button>
            <button
              class="dialog__button"
            >
              <label>
                TimerToggleButton.5min
              </label>
              <svg
                class="timer-dialog__button-icon"
              >
                icon-five.svg
              </svg>
            </button>
            <button
              class="dialog__button"
            >
              <label>
                TimerToggleButton.customTime
              </label>
              <button
                class="timer-dialog__time-button"
              >
                <svg>
                  icon-minus.svg
                </svg>
              </button>
              <label
                class="timer-dialog__time-label"
              >
                10
              </label>
              <button
                class="timer-dialog__time-button"
              >
                <svg>
                  icon-plus.svg
                </svg>
              </button>
            </button>
            <button
              class="dialog__close-button"
            >
              <svg
                class="close-button__icon"
              >
                icon-close.svg
              </svg>
            </button>
          </article>
        </aside>
      </div>
    </div>
  </div>
  <div
    data-focus-guard="true"
    style="width: 1px; height: 0px; padding: 0px; overflow: hidden; position: fixed; top: 1px; left: 1px;"
    tabindex="0"
  />
</div>
`;
