// Jest Snapshot v1, https://goo.gl/fbAQLP

exports[`<WelcomeArea /> should match snapshot 1`] = `"<div class=\\"welcome-area\\"><div class=\\"welcome-area__promotion-wrapper\\"><div class=\\"welcome-area__promotion\\"><h1 class=\\"welcome-area__headline\\">Scrumlr</h1><div class=\\"welcome-area__promotion-text\\"><h2>Progress is impossible without change</h2><p>Take a seat and let us guide you and your team through your first online retrospective. Start your first session within seconds - completely for free, no registration or payment details required. Put your thoughts and your feedback on cards and share them instantly on a collaborative virtual board. Vote on the topics that really matter. Learn and grow as a team.</p></div></div></div><div class=\\"welcome-area__action-area\\">Some content</div></div>"`;
