// Jest Snapshot v1, https://goo.gl/fbAQLP

exports[`Board should render correctly on isLoaded == false 1`] = `
<div
  class="loading-screen"
>
  <div
    class="MuiCircularProgress-root MuiCircularProgress-colorPrimary MuiCircularProgress-indeterminate"
    role="progressbar"
    style="width: 40px; height: 40px;"
  >
    <svg
      class="MuiCircularProgress-svg"
      viewBox="22 22 44 44"
    >
      <circle
        class="MuiCircularProgress-circle MuiCircularProgress-circleIndeterminate"
        cx="44"
        cy="44"
        fill="none"
        r="20.2"
        stroke-width="3.6"
      />
    </svg>
  </div>
</div>
`;

exports[`Board should render correctly on isLoaded == true and isEmpty == false 1`] = `
<div>
  <h1>
    Hello World
     (
    -foobar
    )
  </h1>
  <span>
    Owner: 
    Admin
  </span>
  <br />
  <span>
    Date: 
    date xyz
  </span>
</div>
`;

exports[`Board should render correctly on isLoaded == true and isEmpty == true 1`] = `
<div>
   Board non existent
</div>
`;
