// Jest Snapshot v1, https://goo.gl/fbAQLP

exports[`Appearance should render all Settings correctly 1`] = `
<div
  class="settings-dialog__container accent-color__lean-lilac"
>
  <header
    class="settings-dialog__header"
  >
    <h2
      class="settings-dialog__header-text"
    >
      SettingsDialog.Appearance
    </h2>
  </header>
  <div
    class="appearance-container"
  >
    <button
      aria-expanded="false"
      aria-haspopup="listbox"
      class="settings-option-button appearance-settings_language-dropdown"
      type="button"
    >
      <span
        class="settings-option-button__label"
      >
        Appearance.colorScheme
      </span>
      <div
        class="settings-dropdown"
      >
        <svg
          class="settings-dropdown-flag"
        >
          icon-lightmode.svg
        </svg>
        <span
          class="settings-dropdown-button"
        >
          Appearance.colorSchemeLight
        </span>
        <svg
          class="settings-dropdown-icon"
        >
          icon-arrow-next.svg
        </svg>
      </div>
    </button>
    <button
      aria-expanded="false"
      aria-haspopup="listbox"
      class="settings-option-button appearance-settings_language-dropdown"
      type="button"
    >
      <span
        class="settings-option-button__label"
      >
        Appearance.Language
      </span>
      <div
        class="settings-dropdown"
      >
        <svg
          class="settings-dropdown-flag"
        >
          US.svg
        </svg>
        <span
          class="settings-dropdown-button"
        >
          Language.english
        </span>
        <svg
          class="settings-dropdown-icon"
        >
          icon-arrow-next.svg
        </svg>
      </div>
    </button>
  </div>
</div>
`;
