// Jest Snapshot v1, https://goo.gl/fbAQLP

exports[`Column Test behavior of hidden columns Snapshot: Hide button should be visible 1`] = `
<div
  class="column__header-toggle"
>
  <button
    class="column__header-toggle-button"
    tabindex="-1"
  >
    <svg
      class="column__header-toggle-button-icon"
    >
      icon-unstack.svg
    </svg>
  </button>
</div>
`;

exports[`Column should have correct style show column with correct style 1`] = `
<section
  class="column accent-color__planning-pink"
>
  <div
    class="column__content"
  >
    <div
      class="column__header"
    >
      <div
        class="column__header-title"
      >
        <h2
          class="column__header-text"
        >
          Testheader
        </h2>
        <span
          class="column__header-card-number"
        >
          0
        </span>
      </div>
      <div
        class="note-input"
      >
        <input
          class="note-input__input"
          placeholder="Add your note..."
          tabindex="0"
          type="text"
          value=""
        />
        <svg
          class="note-input__icon"
        >
          icon-add.svg
        </svg>
      </div>
    </div>
    <div
      class="column__notes-wrapper"
      tabindex="-1"
    >
      <ul
        class="column__note-list"
      />
    </div>
  </div>
</section>
`;
