// Jest Snapshot v1, https://goo.gl/fbAQLP

exports[`<ConfirmationDialog /> snapshot test 1`] = `
<div
  class="portal"
  role="dialog"
>
  <div
    data-focus-guard="true"
    style="width: 1px; height: 0px; padding: 0px; overflow: hidden; position: fixed; top: 1px; left: 1px;"
    tabindex="0"
  />
  <div
    data-focus-lock-disabled="false"
  >
    <div
      class="portal__frame accent-color__backlog-blue"
    >
      <div
        class="portal__content"
        role="dialog"
      >
        <div
          class="confirmation-dialog__background"
        />
        <div
          class="confirmation-dialog__wrapper"
        >
          <aside
            aria-label="headline"
            aria-modal="true"
            class="confirmation-dialog"
            role="dialog"
            style="opacity: 0; transform: translateY(-20px);"
          >
            <button
              aria-label="Close dialog"
              class="confirmation-dialog__close-button"
              type="button"
            >
              <svg
                class="dialog__close-icon"
              >
                icon-close.svg
              </svg>
            </button>
            <div
              class="confirmation-dialog__icon-content-wrapper"
            >
              <div
                class="confirmation-dialog__content"
              >
                <div>
                  <h2
                    class="confirmation-dialog__title"
                  >
                    headline
                  </h2>
                </div>
                <div
                  class="confirmation-dialog__buttons"
                >
                  <button
                    aria-label="decline"
                    class="confirmation-dialog__button confirmation-dialog__button--decline"
                    type="button"
                  >
                    decline
                  </button>
                  <button
                    aria-label="accept"
                    class="confirmation-dialog__button confirmation-dialog__button--accept"
                    type="button"
                  >
                    accept
                  </button>
                </div>
              </div>
            </div>
          </aside>
        </div>
      </div>
    </div>
  </div>
  <div
    data-focus-guard="true"
    style="width: 1px; height: 0px; padding: 0px; overflow: hidden; position: fixed; top: 1px; left: 1px;"
    tabindex="0"
  />
</div>
`;
