// Jest Snapshot v1, https://goo.gl/fbAQLP

exports[`Note Input should render correctly 1`] = `
<form
  class="note-input"
>
  <input
    class="note-input__input"
    id="note-input-TestID"
    maxlength="1024"
    placeholder="Add your note..."
    type="text"
    value=""
  />
  <div
    class="react-tooltip styles-module_tooltip__mnnfp styles-module_light__Z6W-X"
    role="tooltip"
    style="z-index: 999;"
  >
    <div
      class="react-tooltip-arrow styles-module_arrow__K0L3T"
    />
  </div>
  <button
    class="note-input__add-button"
    tabindex="-1"
    type="submit"
  >
    <svg
      class="note-input__icon"
    >
      icon-add.svg
    </svg>
  </button>
</form>
`;
