// Jest Snapshot v1, https://goo.gl/fbAQLP

exports[`Note Input should render correctly 1`] = `
<div
  class="note-input"
>
  <input
    class="note-input__input"
    placeholder="Add your note..."
    tabindex="0"
    type="text"
    value=""
  />
  <svg
    class="note-input__icon"
  >
    icon-add.svg
  </svg>
</div>
`;
